src/controllers/chatController.ts(149,17): error TS2322: Type 'string | string[]' is not assignable to type 'string | undefined'.
  Type 'string[]' is not assignable to type 'string'.
src/controllers/chatController.ts(157,17): error TS2322: Type 'string | string[]' is not assignable to type 'string | StringFilter<"ChatMessage"> | undefined'.
  Type 'string[]' is not assignable to type 'string | StringFilter<"ChatMessage"> | undefined'.
